---
source: crates/dat0-ui/tests/visual_snapshot.rs
expression: html
---
<div class="d0-scene" data-scene="banner/info" style="width: 1440px">
<div class="d0-banner-host" data-a11y-id="banner-host">
<div class="d0-banner is-info" data-a11y-id="banner-0" role="note" aria-label="sales.csv imported · 12 rows">
<div class="d0-banner-text">
<span class="d0-banner-title">sales.csv imported · 12 rows</span>
</div>
<button class="d0-banner-dismiss" data-a11y-id="banner-0-dismiss" role="button" aria-label="Close" tabindex="0">✕</button>
</div>
</div>
</div>
